  battleUI.cpp
C:\Personal Files\Uni\GitHub\Fishwalker\FishWalker\battleUI.cpp(56,56): warning C4244: аргумент: преобразование "T" в "T", возможна потеря данных
C:\Personal Files\Uni\GitHub\Fishwalker\FishWalker\battleUI.cpp(56,56): warning C4244:         with
C:\Personal Files\Uni\GitHub\Fishwalker\FishWalker\battleUI.cpp(56,56): warning C4244:         [
C:\Personal Files\Uni\GitHub\Fishwalker\FishWalker\battleUI.cpp(56,56): warning C4244:             T=unsigned int
C:\Personal Files\Uni\GitHub\Fishwalker\FishWalker\battleUI.cpp(56,56): warning C4244:         ]
C:\Personal Files\Uni\GitHub\Fishwalker\FishWalker\battleUI.cpp(56,56): warning C4244:         and
C:\Personal Files\Uni\GitHub\Fishwalker\FishWalker\battleUI.cpp(56,56): warning C4244:         [
C:\Personal Files\Uni\GitHub\Fishwalker\FishWalker\battleUI.cpp(56,56): warning C4244:             T=float
C:\Personal Files\Uni\GitHub\Fishwalker\FishWalker\battleUI.cpp(56,56): warning C4244:         ]
C:\Personal Files\Uni\GitHub\Fishwalker\FishWalker\battleUI.cpp(56,36): warning C4244: аргумент: преобразование "T" в "T", возможна потеря данных
C:\Personal Files\Uni\GitHub\Fishwalker\FishWalker\battleUI.cpp(56,36): warning C4244:         with
C:\Personal Files\Uni\GitHub\Fishwalker\FishWalker\battleUI.cpp(56,36): warning C4244:         [
C:\Personal Files\Uni\GitHub\Fishwalker\FishWalker\battleUI.cpp(56,36): warning C4244:             T=unsigned int
C:\Personal Files\Uni\GitHub\Fishwalker\FishWalker\battleUI.cpp(56,36): warning C4244:         ]
C:\Personal Files\Uni\GitHub\Fishwalker\FishWalker\battleUI.cpp(56,36): warning C4244:         and
C:\Personal Files\Uni\GitHub\Fishwalker\FishWalker\battleUI.cpp(56,36): warning C4244:         [
C:\Personal Files\Uni\GitHub\Fishwalker\FishWalker\battleUI.cpp(56,36): warning C4244:             T=float
C:\Personal Files\Uni\GitHub\Fishwalker\FishWalker\battleUI.cpp(56,36): warning C4244:         ]
  game.cpp
C:\Personal Files\Uni\GitHub\Fishwalker\FishWalker\game.cpp(93,67): warning C4244: аргумент: преобразование "T" в "T", возможна потеря данных
C:\Personal Files\Uni\GitHub\Fishwalker\FishWalker\game.cpp(93,67): warning C4244:         with
C:\Personal Files\Uni\GitHub\Fishwalker\FishWalker\game.cpp(93,67): warning C4244:         [
C:\Personal Files\Uni\GitHub\Fishwalker\FishWalker\game.cpp(93,67): warning C4244:             T=unsigned int
C:\Personal Files\Uni\GitHub\Fishwalker\FishWalker\game.cpp(93,67): warning C4244:         ]
C:\Personal Files\Uni\GitHub\Fishwalker\FishWalker\game.cpp(93,67): warning C4244:         and
C:\Personal Files\Uni\GitHub\Fishwalker\FishWalker\game.cpp(93,67): warning C4244:         [
C:\Personal Files\Uni\GitHub\Fishwalker\FishWalker\game.cpp(93,67): warning C4244:             T=float
C:\Personal Files\Uni\GitHub\Fishwalker\FishWalker\game.cpp(93,67): warning C4244:         ]
C:\Personal Files\Uni\GitHub\Fishwalker\FishWalker\game.cpp(93,47): warning C4244: аргумент: преобразование "T" в "T", возможна потеря данных
C:\Personal Files\Uni\GitHub\Fishwalker\FishWalker\game.cpp(93,47): warning C4244:         with
C:\Personal Files\Uni\GitHub\Fishwalker\FishWalker\game.cpp(93,47): warning C4244:         [
C:\Personal Files\Uni\GitHub\Fishwalker\FishWalker\game.cpp(93,47): warning C4244:             T=unsigned int
C:\Personal Files\Uni\GitHub\Fishwalker\FishWalker\game.cpp(93,47): warning C4244:         ]
C:\Personal Files\Uni\GitHub\Fishwalker\FishWalker\game.cpp(93,47): warning C4244:         and
C:\Personal Files\Uni\GitHub\Fishwalker\FishWalker\game.cpp(93,47): warning C4244:         [
C:\Personal Files\Uni\GitHub\Fishwalker\FishWalker\game.cpp(93,47): warning C4244:             T=float
C:\Personal Files\Uni\GitHub\Fishwalker\FishWalker\game.cpp(93,47): warning C4244:         ]
C:\Personal Files\Uni\GitHub\Fishwalker\FishWalker\game.cpp(94,58): warning C4244: аргумент: преобразование "int" в "T", возможна потеря данных
C:\Personal Files\Uni\GitHub\Fishwalker\FishWalker\game.cpp(94,58): warning C4244:         with
C:\Personal Files\Uni\GitHub\Fishwalker\FishWalker\game.cpp(94,58): warning C4244:         [
C:\Personal Files\Uni\GitHub\Fishwalker\FishWalker\game.cpp(94,58): warning C4244:             T=float
C:\Personal Files\Uni\GitHub\Fishwalker\FishWalker\game.cpp(94,58): warning C4244:         ]
C:\Personal Files\Uni\GitHub\Fishwalker\FishWalker\game.cpp(94,39): warning C4244: аргумент: преобразование "int" в "T", возможна потеря данных
C:\Personal Files\Uni\GitHub\Fishwalker\FishWalker\game.cpp(94,39): warning C4244:         with
C:\Personal Files\Uni\GitHub\Fishwalker\FishWalker\game.cpp(94,39): warning C4244:         [
C:\Personal Files\Uni\GitHub\Fishwalker\FishWalker\game.cpp(94,39): warning C4244:             T=float
C:\Personal Files\Uni\GitHub\Fishwalker\FishWalker\game.cpp(94,39): warning C4244:         ]
C:\Personal Files\Uni\GitHub\Fishwalker\FishWalker\game.cpp(397,19): warning C4244: инициализация: преобразование "int" в "float", возможна потеря данных
C:\Personal Files\Uni\GitHub\Fishwalker\FishWalker\game.cpp(398,19): warning C4244: инициализация: преобразование "int" в "float", возможна потеря данных
  itemFactory.cpp
  main.cpp
  minigame.cpp
C:\Personal Files\Uni\GitHub\Fishwalker\FishWalker\minigame.cpp(41,27): warning C4244: =: преобразование "int" в "float", возможна потеря данных
C:\Personal Files\Uni\GitHub\Fishwalker\FishWalker\minigame.cpp(93,56): warning C4244: аргумент: преобразование "T" в "T", возможна потеря данных
C:\Personal Files\Uni\GitHub\Fishwalker\FishWalker\minigame.cpp(93,56): warning C4244:         with
C:\Personal Files\Uni\GitHub\Fishwalker\FishWalker\minigame.cpp(93,56): warning C4244:         [
C:\Personal Files\Uni\GitHub\Fishwalker\FishWalker\minigame.cpp(93,56): warning C4244:             T=unsigned int
C:\Personal Files\Uni\GitHub\Fishwalker\FishWalker\minigame.cpp(93,56): warning C4244:         ]
C:\Personal Files\Uni\GitHub\Fishwalker\FishWalker\minigame.cpp(93,56): warning C4244:         and
C:\Personal Files\Uni\GitHub\Fishwalker\FishWalker\minigame.cpp(93,56): warning C4244:         [
C:\Personal Files\Uni\GitHub\Fishwalker\FishWalker\minigame.cpp(93,56): warning C4244:             T=float
C:\Personal Files\Uni\GitHub\Fishwalker\FishWalker\minigame.cpp(93,56): warning C4244:         ]
C:\Personal Files\Uni\GitHub\Fishwalker\FishWalker\minigame.cpp(93,36): warning C4244: аргумент: преобразование "T" в "T", возможна потеря данных
C:\Personal Files\Uni\GitHub\Fishwalker\FishWalker\minigame.cpp(93,36): warning C4244:         with
C:\Personal Files\Uni\GitHub\Fishwalker\FishWalker\minigame.cpp(93,36): warning C4244:         [
C:\Personal Files\Uni\GitHub\Fishwalker\FishWalker\minigame.cpp(93,36): warning C4244:             T=unsigned int
C:\Personal Files\Uni\GitHub\Fishwalker\FishWalker\minigame.cpp(93,36): warning C4244:         ]
C:\Personal Files\Uni\GitHub\Fishwalker\FishWalker\minigame.cpp(93,36): warning C4244:         and
C:\Personal Files\Uni\GitHub\Fishwalker\FishWalker\minigame.cpp(93,36): warning C4244:         [
C:\Personal Files\Uni\GitHub\Fishwalker\FishWalker\minigame.cpp(93,36): warning C4244:             T=float
C:\Personal Files\Uni\GitHub\Fishwalker\FishWalker\minigame.cpp(93,36): warning C4244:         ]
C:\Personal Files\Uni\GitHub\Fishwalker\FishWalker\minigame.cpp(102,51): warning C4244: аргумент: преобразование "T" в "T", возможна потеря данных
C:\Personal Files\Uni\GitHub\Fishwalker\FishWalker\minigame.cpp(102,51): warning C4244:         with
C:\Personal Files\Uni\GitHub\Fishwalker\FishWalker\minigame.cpp(102,51): warning C4244:         [
C:\Personal Files\Uni\GitHub\Fishwalker\FishWalker\minigame.cpp(102,51): warning C4244:             T=unsigned int
C:\Personal Files\Uni\GitHub\Fishwalker\FishWalker\minigame.cpp(102,51): warning C4244:         ]
C:\Personal Files\Uni\GitHub\Fishwalker\FishWalker\minigame.cpp(102,51): warning C4244:         and
C:\Personal Files\Uni\GitHub\Fishwalker\FishWalker\minigame.cpp(102,51): warning C4244:         [
C:\Personal Files\Uni\GitHub\Fishwalker\FishWalker\minigame.cpp(102,51): warning C4244:             T=float
C:\Personal Files\Uni\GitHub\Fishwalker\FishWalker\minigame.cpp(102,51): warning C4244:         ]
C:\Personal Files\Uni\GitHub\Fishwalker\FishWalker\minigame.cpp(109,39): warning C4244: аргумент: преобразование "T" в "T", возможна потеря данных
C:\Personal Files\Uni\GitHub\Fishwalker\FishWalker\minigame.cpp(109,39): warning C4244:         with
C:\Personal Files\Uni\GitHub\Fishwalker\FishWalker\minigame.cpp(109,39): warning C4244:         [
C:\Personal Files\Uni\GitHub\Fishwalker\FishWalker\minigame.cpp(109,39): warning C4244:             T=unsigned int
C:\Personal Files\Uni\GitHub\Fishwalker\FishWalker\minigame.cpp(109,39): warning C4244:         ]
C:\Personal Files\Uni\GitHub\Fishwalker\FishWalker\minigame.cpp(109,39): warning C4244:         and
C:\Personal Files\Uni\GitHub\Fishwalker\FishWalker\minigame.cpp(109,39): warning C4244:         [
C:\Personal Files\Uni\GitHub\Fishwalker\FishWalker\minigame.cpp(109,39): warning C4244:             T=float
C:\Personal Files\Uni\GitHub\Fishwalker\FishWalker\minigame.cpp(109,39): warning C4244:         ]
C:\Personal Files\Uni\GitHub\Fishwalker\FishWalker\minigame.cpp(116,39): warning C4244: аргумент: преобразование "T" в "T", возможна потеря данных
C:\Personal Files\Uni\GitHub\Fishwalker\FishWalker\minigame.cpp(116,39): warning C4244:         with
C:\Personal Files\Uni\GitHub\Fishwalker\FishWalker\minigame.cpp(116,39): warning C4244:         [
C:\Personal Files\Uni\GitHub\Fishwalker\FishWalker\minigame.cpp(116,39): warning C4244:             T=unsigned int
C:\Personal Files\Uni\GitHub\Fishwalker\FishWalker\minigame.cpp(116,39): warning C4244:         ]
C:\Personal Files\Uni\GitHub\Fishwalker\FishWalker\minigame.cpp(116,39): warning C4244:         and
C:\Personal Files\Uni\GitHub\Fishwalker\FishWalker\minigame.cpp(116,39): warning C4244:         [
C:\Personal Files\Uni\GitHub\Fishwalker\FishWalker\minigame.cpp(116,39): warning C4244:             T=float
C:\Personal Files\Uni\GitHub\Fishwalker\FishWalker\minigame.cpp(116,39): warning C4244:         ]
  monsterFactory.cpp
  Создание кода...
  FishWalker.vcxproj -> C:\Personal Files\Uni\GitHub\Fishwalker\FishWalker\x64\Debug\FishWalker.exe
